22:29:11 **** Incremental Build of configuration Debug for project dfm17_demo ****
make -j4 all 
arm-none-eabi-gcc "../Core/Src/main.c" -mcpu=cortex-m3 -std=gnu11 -g3 -DDEBUG -DUSE_HAL_DRIVER -DSTM32F100xB -c -I../Core/Inc -I../Drivers/STM32F1xx_HAL_Driver/Inc/Legacy -I../Drivers/STM32F1xx_HAL_Driver/Inc -I../Drivers/CMSIS/Device/ST/STM32F1xx/Include -I../Drivers/CMSIS/Include -O0 -ffunction-sections -fdata-sections -Wall -fstack-usage -MMD -MP -MF"Core/Src/main.d" -MT"Core/Src/main.o" --specs=nano.specs -mfloat-abi=soft -mthumb -o "Core/Src/main.o"
arm-none-eabi-g++ -o "dfm17_demo.elf" @"objects.list"   -mcpu=cortex-m3 -T"/home/gx1400/repos/data_dfm17_RE/STM32CubeIDE/dfm17_demo/STM32F100R8TX_FLASH.ld" --specs=nosys.specs -Wl,-Map="dfm17_demo.map" -Wl,--gc-sections -static --specs=nano.specs -mfloat-abi=soft -mthumb -Wl,--start-group -lc -lm -lstdc++ -lsupc++ -Wl,--end-group
Finished building target: dfm17_demo.elf
 
arm-none-eabi-size   dfm17_demo.elf 
arm-none-eabi-objdump -h -S  dfm17_demo.elf  > "dfm17_demo.list"
   text	   data	    bss	    dec	    hex	filename
   6420	     28	   1652	   8100	   1fa4	dfm17_demo.elf
Finished building: default.size.stdout
 
Finished building: dfm17_demo.list
 

22:29:13 Build Finished. 0 errors, 0 warnings. (took 1s.476ms)

